// Jest Snapshot v1, https://goo.gl/fbAQLP

exports[`Home Container should render 1`] = `
<Connect(Home)>
  <div
    className="container"
  >
    <form>
      <div
        className="search-container"
      >
        <h1>
          Search 
          <b>
            Flickr!
          </b>
        </h1>
        <input
          className="form-control search-text"
          onChange={[Function]}
          placeholder="Search using image tags..."
          type="text"
        />
        <span
          className="input-group-btn"
        >
          <button
            className="btn btn-primary search-btn"
            onClick={[Function]}
            type="submit"
          >
            Go!
          </button>
        </span>
      </div>
    </form>
  </div>
</Connect(Home)>
`;
